TEST_STARTED
Test PUT on stable bucket response Code: 404
Test PUT Error: bucket id invalid
